../Core/Inc/bno055_stm32.h:19:6:bno055_assignI2C	16	static
../Core/Inc/bno055_stm32.h:23:6:bno055_delay	16	static
../Core/Inc/bno055_stm32.h:31:6:bno055_writeData	48	static
../Core/Inc/bno055_stm32.h:95:6:bno055_readData	24	static
../Core/Src/main.c:91:5:main	168	static
../Core/Src/main.c:349:6:SystemClock_Config	96	static
../Core/Src/main.c:391:13:MX_I2C1_Init	8	static
../Core/Src/main.c:437:13:MX_GPIO_Init	48	static
../Core/Src/main.c:475:6:StartDefaultTask	16	static
../Core/Src/main.c:494:6:HAL_TIM_PeriodElapsedCallback	16	static
../Core/Src/main.c:511:6:Error_Handler	8	static
