../Core/Src/rtc.c:133:13:time_epoch_to_date	48	static
../Core/Src/rtc.c:225:13:get_dst	24	static
../Core/Src/rtc.c:244:13:time_date_to_epoch	40	static
../Core/Src/rtc.c:290:5:rtc_init	32	static
../Core/Src/rtc.c:330:6:rtc_enable_dst	8	static
../Core/Src/rtc.c:335:6:rtc_disable_dst	8	static
../Core/Src/rtc.c:340:6:rtc_enable_swo	32	static
../Core/Src/rtc.c:405:6:rtc_disable_swo	16	static
../Core/Src/rtc.c:426:6:rtc_battery_enable	16	static
../Core/Src/rtc.c:446:13:rtc_get_gmt_time	16	static
../Core/Src/rtc.c:495:13:rtc_get_local_time	40	static
../Core/Src/rtc.c:557:5:rtc_set_gmt_time	48	static
../Core/Src/rtc.c:664:10:rtc_get_gmt_unix_time	16	static
../Core/Src/rtc.c:676:10:rtc_get_local_unix_time	16	static
../Core/Src/rtc.c:685:6:rtc_is_leap_year	16	static
../Core/Src/rtc.c:730:6:rtc_is_power_failure	16	static
../Core/Src/rtc.c:763:13:rtc_get_last_power_failure	16	static
../Core/Src/rtc.c:803:6:rtc_set_alarm	56	static
../Core/Src/rtc.c:989:6:rtc_disable_alarm	32	static
../Core/Src/rtc.c:1023:13:rtc_read_alarm	32	static
../Core/Src/rtc.c:1082:6:rtc_write_sram	16	static
../Core/Src/rtc.c:1101:6:rtc_write_sram_bulk	32	static
../Core/Src/rtc.c:1123:9:rtc_read_sram	24	static
../Core/Src/rtc.c:1147:6:rtc_read_sram_bulk	16	static
../Core/Src/rtc.c:1166:6:rtc_eeprom_write_protect_on	16	static
../Core/Src/rtc.c:1179:6:rtc_eeprom_write_protect_off	16	static
../Core/Src/rtc.c:1192:6:rtc_eeprom_is_locked	16	static
../Core/Src/rtc.c:1206:6:rtc_write_eeprom	32	static
../Core/Src/rtc.c:1237:6:rtc_read_eeprom	16	static
../Core/Src/rtc.c:1252:10:rtc_read_unique_id	8	static
../Core/Src/rtc.c:1267:6:rtc_write_unique_id	32	static
